{
  "Claude Code": {
    "label": "2026-09",
    "totalCost": 0.5,
    "inputTokens": 3000,
    "outputTokens": 400,
    "cacheCreationTokens": 1000,
    "cacheReadTokens": 20000,
    "totalTokens": 24400
  },
  "Codex": {
    "label": "2026-09",
    "totalCost": 0.5,
    "inputTokens": 3000,
    "outputTokens": 400,
    "cacheCreationTokens": 1000,
    "cacheReadTokens": 20000,
    "totalTokens": 24400
  },
  "OpenCode": {
    "totalCost": 0,
    "inputTokens": 0,
    "outputTokens": 0,
    "cacheCreationTokens": 0,
    "cacheReadTokens": 0,
    "totalTokens": 0
  },
  "Gemini": {
    "totalCost": 0,
    "inputTokens": 0,
    "outputTokens": 0,
    "cacheCreationTokens": 0,
    "cacheReadTokens": 0,
    "totalTokens": 0
  },
  "Copilot": {
    "totalCost": 0,
    "inputTokens": 0,
    "outputTokens": 0,
    "cacheCreationTokens": 0,
    "cacheReadTokens": 0,
    "totalTokens": 0
  },
  "Kimi": {
    "totalCost": 0,
    "inputTokens": 0,
    "outputTokens": 0,
    "cacheCreationTokens": 0,
    "cacheReadTokens": 0,
    "totalTokens": 0
  }
}
