
[1;37mLeaderboard (monthly) · 2026-09 · by cost[0m

[1;36m#[0m | [1;36mUser   [0m | [1;36m      Cost[0m                     | [1;36m        Tokens[0m | [1;36mShare[0m | [1;36mΔ vs Aug[0m
[2m──|─────────|────────────────────────────────|────────────────|───────|─────────[0m
1 | sahil ◂ | $12,945.64 [32m███████████████████[0m | 15,962,442,751 | 69.0% |     -55%
[2msynced 15m ago (2026-09-16T22:18:19.000Z) · tu sync to refresh[0m

