
[1;37mLeaderboard (monthly) · 2026-09 · by cost[0m

[1;36m #[0m | [1;36mUser [0m | [1;36m     Cost[0m                                | [1;36m   Tokens[0m | [1;36mShare[0m | [1;36mΔ vs Aug[0m
[2m───|───────|──────────────────────────────────────────|───────────|───────|─────────[0m
 1 | whale | $4,031.61 [32m█████████████████████[0m[2m┊[0m[33m████████[0m |    24,400 | 49.0% |      new
 2 | u01   |   $300.00 [32m█████████████████████[0m[2m┊[0m[33m▏[0m        |    24,400 |  3.6% |      new
 3 | u02   |   $290.00 [32m████████████████████▍[0m[2m┊[0m[33m[0m         |    24,400 |  3.5% |      new
 4 | u03   |   $280.00 [32m███████████████████▋[0m [2m┊[0m[33m[0m         |    24,400 |  3.4% |      new
 5 | u04   |   $270.00 [32m██████████████████▉[0m  [2m┊[0m[33m[0m         |    24,400 |  3.3% |      new
 6 | u05   |   $260.00 [32m██████████████████▎[0m  [2m┊[0m[33m[0m         |    24,400 |  3.2% |      new
 7 | u06   |   $250.00 [32m█████████████████▌[0m   [2m┊[0m[33m[0m         |    24,400 |  3.0% |      new
 8 | u07   |   $240.00 [32m████████████████▉[0m    [2m┊[0m[33m[0m         |    24,400 |  2.9% |      new
 9 | u08   |   $230.00 [32m████████████████▏[0m    [2m┊[0m[33m[0m         |    24,400 |  2.8% |      new
10 | u09   |   $220.00 [32m███████████████▍[0m     [2m┊[0m[33m[0m         |    24,400 |  2.7% |      new
11 | u10   |   $210.00 [32m██████████████▊[0m      [2m┊[0m[33m[0m         |    24,400 |  2.6% |      new
12 | u11   |   $200.00 [32m██████████████[0m       [2m┊[0m[33m[0m         |    24,400 |  2.4% |      new
13 | u12   |   $190.00 [32m█████████████▍[0m       [2m┊[0m[33m[0m         |    24,400 |  2.3% |      new
14 | u13   |   $180.00 [32m████████████▋[0m        [2m┊[0m[33m[0m         |    24,400 |  2.2% |      new
15 | u14   |   $170.00 [32m███████████▉[0m         [2m┊[0m[33m[0m         |    24,400 |  2.1% |      new
16 | u15   |   $160.00 [32m███████████▎[0m         [2m┊[0m[33m[0m         |    24,400 |  1.9% |      new
17 | u16   |   $150.00 [32m██████████▌[0m          [2m┊[0m[33m[0m         |    24,400 |  1.8% |      new
18 | u17   |   $140.00 [32m█████████▉[0m           [2m┊[0m[33m[0m         |    24,400 |  1.7% |      new
19 | u18   |   $130.00 [32m█████████▏[0m           [2m┊[0m[33m[0m         |    24,400 |  1.6% |      new
20 | u19   |   $120.00 [32m████████▍[0m            [2m┊[0m[33m[0m         |    24,400 |  1.5% |      new
21 | u20   |   $110.00 [32m███████▊[0m             [2m┊[0m[33m[0m         |    24,400 |  1.3% |      new
22 | u21   |   $100.00 [32m███████[0m              [2m┊[0m[33m[0m         |    24,400 |  1.2% |      new
23 | zero  | [2m    $0.00[0m [32m[0m                     [2m┊[0m[33m[0m         | [2m        0[0m |  0.0% |      new
[2m───|───────|──────────────────────────────────────────|───────────|───────|─────────[0m
[1;37m  [0m | [1;37mTotal[0m | [1;37m$8,231.61[0m                                | [1;37m  536,800[0m | [1;37m     [0m | [1;37m        [0m
[2msynced 15m ago (2026-09-16T22:18:19.000Z) · tu sync to refresh[0m

