
[1;37mLeaderboard (monthly) · 2026-09 · by cost[0m

[1;36m#[0m | [1;36mUser                   [0m | [1;36m      Cost[0m | [1;36m        Tokens[0m | [1;36mShare[0m | [1;36mΔ vs Aug[0m
[2m──|─────────────────────────|────────────|────────────────|───────|─────────[0m
1 | sahil/dev-ws-sahil02 ◂  |  $9,340.16 | 11,455,277,645 | 60.2% |     -66%
2 | beatriz/dev-ws-beatri01 |  $3,206.02 |  5,445,803,037 | 20.7% |     -43%
3 | sahil/dev-ws-sahil01 ◂  |  $2,963.66 |  4,041,086,220 | 19.1% |   +4757%
[2m──|─────────────────────────|────────────|────────────────|───────|─────────[0m
[1;37m [0m | [1;37mTotal                  [0m | [1;37m$15,509.84[0m | [1;37m20,942,166,902[0m | [1;37m     [0m | [1;37m        [0m
[2msynced 15m ago (2026-09-16T22:18:19.000Z) · tu sync to refresh[0m

