
[1;37mLeaderboard (monthly) · 2026-09 · by cost[0m

[1;36m#[0m | [1;36mUser   [0m | [1;36m      Cost[0m                                | [1;36m        Tokens[0m | [1;36mShare[0m | [1;36mΔ vs Aug[0m
[2m──|─────────|───────────────────────────────────────────|────────────────|───────|─────────[0m
1 | sahil ◂ | $12,945.64 [32m██████████████████████████████[0m | 15,962,442,751 | 69.0% |     -55%
2 | beatriz |  $3,333.40 [32m███████▊[0m                       |  5,562,910,079 | 17.8% |     -51%
3 | carlos  |  $1,598.54 [32m███▊[0m                           |  1,681,643,674 |  8.5% |     -91%
4 | dominic |    $611.44 [32m█▍[0m                             |    390,936,777 |  3.3% |     -85%
5 | eunice  |    $155.60 [32m▍[0m                              |     32,774,697 |  0.8% |     -96%
6 | frankie |    $116.47 [32m▎[0m                              |    100,240,636 |  0.6% |     -98%
[2m──|─────────|───────────────────────────────────────────|────────────────|───────|─────────[0m
[1;37m [0m | [1;37mTotal  [0m | [1;37m$18,761.09[0m                                | [1;37m23,730,948,614[0m | [1;37m     [0m | [1;37m        [0m
[2msynced 15m ago (2026-09-16T22:18:19.000Z) · tu sync to refresh[0m

