
Leaderboard (monthly) · 2026-09 · by cost

# | User    |       Cost                    |         Tokens | Share | Δ vs Aug
──|─────────|───────────────────────────────|────────────────|───────|─────────
1 | sahil ◂ | $12,945.64 ↑ ██████████████████ | 15,962,442,751 | 69.0% |     -55%
2 | beatriz |  $3,333.40 ↓ ████▋              |  5,562,910,079 | 17.8% |     -51%
3 | carlos  |  $1,598.54 ██▎                |  1,681,643,674 |  8.5% |     -91%
4 | dominic |    $611.44 ▉                  |    390,936,777 |  3.3% |     -85%
5 | eunice  |    $155.60 ▎                  |     32,774,697 |  0.8% |     -96%
6 | frankie |    $116.47 ▏                  |    100,240,636 |  0.6% |     -98%
──|─────────|───────────────────────────────|────────────────|───────|─────────
  | Total   | $18,761.09                    | 23,730,948,614 |       |         
never synced · tu sync to refresh

