
[1;37mLeaderboard (monthly) · 2026-09 · by cost[0m

[1;36m#[0m | [1;36mUser [0m | [1;36m     Cost[0m                           | [1;36m   Tokens[0m | [1;36m Share[0m | [1;36mΔ vs Aug[0m
[2m──|───────|─────────────────────────────────────|───────────|────────|─────────[0m
1 | sahil |    $10.00 [32m█████████████████████████[0m |       100 | 100.0% |      new
2 | frodo | [2m    $0.00 [32m↑[0m[0m                           | [2m        0[0m |   0.0% |      new
[2m──|───────|─────────────────────────────────────|───────────|────────|─────────[0m
[1;37m [0m | [1;37mTotal[0m | [1;37m   $10.00[0m                           | [1;37m      100[0m | [1;37m      [0m | [1;37m        [0m
[2mnever synced · tu sync to refresh[0m

