
📊 Combined Cost History (daily)

Date       | Claude Code |     Codex |  OpenCode |    Gemini |   Copilot |      Kimi |      Cost
───────────|─────────────|───────────|───────────|───────────|───────────|───────────|──────────
2026-01-05 |       $0.50 |     $0.50 |     $0.50 |     $0.50 |     $0.50 |     $0.50 |     $3.00
2026-01-06 |       $0.50 |     $0.50 |     $0.50 |     $0.50 |     $0.50 |     $0.50 |     $3.00
2026-01-07 |       $0.50 |     $0.50 |     $0.50 |     $0.50 |     $0.50 |     $0.50 |     $3.00
───────────|─────────────|───────────|───────────|───────────|───────────|───────────|──────────
Total      |       $1.50 |     $1.50 |     $1.50 |     $1.50 |     $1.50 |     $1.50 |     $9.00
avg $3.00/day · peak $3.00 (2026-01-05)

