
[1;37m📊 Leaderboard History (monthly)[0m

[1;36mDate      [0m | [1;36m    alice[0m | [1;36m   others[0m | [1;36m     dave[0m | [1;36m     Cost[0m
[2m───────────|───────────|───────────|───────────|────────────────────────────────[0m
2026-07    |   $100.00 | [1;37m  $250.00[0m |    $50.00 |   $400.00 [32m█████[0m[35m█████████████[0m[34m███[0m
2026-08    | [1;37m  $200.00[0m |    $40.00 |    $60.00 |   $300.00 [32m███████████[0m[35m██[0m[34m██▊[0m
[2m───────────|───────────|───────────|───────────|────────────────────────────────[0m
[1;37mTotal     [0m | [1;37m  $300.00[0m | [1;37m  $290.00[0m | [1;37m  $110.00[0m | [1;37m  $700.00[0m
[2mavg $350.00/month · peak $400.00 (2026-07)[0m[2m · [0m[32m█[0m [2malice[0m [35m█[0m [2mothers[0m [34m█[0m [2mdave[0m

