
[1;37m📊 Combined Cost History (daily)[0m

[1;36mDate      [0m | [1;36mClaude Code[0m | [1;36m    Codex[0m | [1;36m     Kimi[0m | [1;36m     Cost[0m
[2m───────────|─────────────|───────────|───────────|─────────────────────────────────────────[0m
2026-01-05 |       $1.50 |     $0.75 |     $0.50 |     $2.75 [32m███████████████[0m[35m████████[0m[34m████▌[0m
2026-01-06 |       $0.75 |     $1.50 |     $0.75 |     $3.00 [32m████████[0m[35m███████████████[0m[34m███████[0m
[2m───────────|─────────────|───────────|───────────|─────────────────────────────────────────[0m
[1;37mTotal     [0m | [1;37m      $2.25[0m | [1;37m    $2.25[0m | [1;37m    $1.25[0m | [1;37m    $5.75[0m
[2mavg $2.88/day · peak $3.00 (2026-01-06)[0m[2m · [0m[32m█[0m [2mClaude Code[0m [35m█[0m [2mCodex[0m [34m█[0m [2mKimi[0m

