
[1;37m📊 Combined Cost History (daily)[0m

[1;36mDate      [0m | [1;36mClaude Code[0m | [1;36m    Codex[0m | [1;36m     Cost[0m
[2m───────────|─────────────|───────────|─────────────────────────────────────────[0m
2026-01-05 |       $0.50 |     $0.50 |     $1.04 [32m███████████████[0m[35m███████████████[0m
2026-01-06 |       $0.50 | [2m    $0.00[0m |     $0.50 [32m██████████████▍[0m
2026-01-07 |       $0.50 |     $0.50 |     $1.00 [32m███████████████[0m[35m█████████████▉[0m
[2m───────────|─────────────|───────────|─────────────────────────────────────────[0m
[1;37mTotal     [0m | [1;37m      $1.50[0m | [1;37m    $1.00[0m | [1;37m    $2.54[0m
[2mavg $0.85/day · peak $1.04 (2026-01-05)[0m[2m · [0m[32m█[0m [2mClaude Code[0m [35m█[0m [2mCodex[0m

