
[1;37m📊 Leaderboard History (monthly)[0m

[1;36mDate      [0m | [1;36m    sahil[0m | [1;36m    alice[0m | [1;36m      bob[0m | [1;36m   eunice[0m | [1;36m     Cost[0m
[2m───────────|───────────|───────────|───────────|───────────|──────────[0m
2026-07    | [1;37m  $355.20[0m |   $314.60 |   $169.00 | [2m    $0.00[0m |   $838.80
2026-08    | [1;37m  $412.30[0m |   $301.10 |   $220.05 | [2m    $0.00[0m |   $933.45
[2m───────────|───────────|───────────|───────────|───────────|──────────[0m
[1;37mTotal     [0m | [1;37m  $767.50[0m | [1;37m  $615.70[0m | [1;37m  $389.05[0m | [1;37m    $0.00[0m | [1;37m$1,772.25[0m
[2mavg $886.13/month · peak $933.45 (2026-08)[0m

