
[1;37m📊 Combined Usage (daily)[0m

[1;36mTool        [0m | [1;36m      Tokens[0m | [1;36m       Input[0m | [1;36m      Output[0m | [1;36m       Cache[0m | [1;36m        Cost[0m | [1;36m        A[0m | [1;36m        B[0m
[2m─────────────|──────────────|──────────────|──────────────|──────────────|──────────────|───────────|──────────[0m
Claude Code  |       24,400 |        3,000 |          400 |       21,000 |        $0.50 |     $1.40 |     $1.10
Codex        |       24,400 |        3,000 |          400 |       21,000 |        $0.50 | [2m    $0.00[0m | [2m    $0.00[0m
[2m─────────────|──────────────|──────────────|──────────────|──────────────|──────────────|───────────|──────────[0m
[1;37mTotal       [0m | [1;37m      48,800[0m | [1;37m       6,000[0m | [1;37m         800[0m | [1;37m      42,000[0m | [1;37m       $1.00[0m | [1;37m    $1.40[0m | [1;37m    $1.10[0m

[2mUsers: A = harness-user, B = other-user[0m

