
📊 Combined Usage (daily)

Tool         |       Tokens |        Input |       Output |        Cache |         Cost
─────────────|──────────────|──────────────|──────────────|──────────────|─────────────
Claude Code  |     24,400 ↑ |        3,000 |          400 |       21,000 |        $0.50
Codex        |     24,400 ↓ |        3,000 |          400 |       21,000 |        $0.50
─────────────|──────────────|──────────────|──────────────|──────────────|─────────────
Total        |       48,800 |        6,000 |          800 |       42,000 |        $1.00

