
[1;37m📊 Combined Usage (daily)[0m

[1;36mTool        [0m | [1;36m      Tokens[0m | [1;36m       Input[0m | [1;36m      Output[0m | [1;36m       Cache[0m | [1;36m        Cost[0m
[2m─────────────|──────────────|──────────────|──────────────|──────────────|─────────────[0m
Claude Code  |       24,400 |        3,000 |          400 |       21,000 |        $0.50

