[?1049h[?25l[H
[2mLoading...[0m
[20;1H[K[2mRefreshing...[0m[2m · [0m[2m↵ refresh · q quit[0m=== frame ===
[H[K
📊 Combined Usage (daily)[K
[K
Claude Code          $31.79[K
[K
[J[20;1H[K[2mRefreshing...[0m[2m · [0m[2m↵ refresh · q quit[0m[20;1H[K[2mNext refresh: 10s[0m[2m · [0m[2m↵ refresh · q quit[0m=== exit ===
[?25h[?1049l