[2m Elapsed  [0m[1;37m0s[0m           [2mTok/min   [0m[1;37m--[0m
[2m Session  [0m[1;37m$0.00[0m        [2mRate      [0m[1;37m--[0m
                       [2mProj. day [0m[1;37m--[0m
[2m───────────────────────────────────[0m

[1;37m📊 Combined Usage (daily)[0m

[1;36mTool        [0m | [1;36m      Tokens[0m | [1;36m       Input[0m | [1;36m      Output[0m | [1;36m       Cache[0m | [1;36m        Cost[0m
[2m─────────────|──────────────|──────────────|──────────────|──────────────|─────────────[0m
                                      [2mLoading...[0m
