## Leaderboard (monthly)

| # | User | Machine | Cost | Tokens | Share | Δ vs Aug |
| ---: | :--- | :--- | ---: | ---: | ---: | ---: |
| 1 | sahil | dev-ws-sahil02 | $12,945.64 | 15,962,442,751 | 79.5% | -55% |
| 2 | beatriz | laptop | $3,333.40 | 5,562,910,079 | 20.5% | -51% |
| **Total** |  |  | **$16,279.04** | **21,525,352,830** |  |  |

