## Combined Usage (daily)

| Tool | Tokens | Input | Output | Cache | Cost | Sahils-Mac-mini.local | dev-ws-sahil02 |
| :--- | ---: | ---: | ---: | ---: | ---: | ---: | ---: |
| Claude Code | 24,400 | 3,000 | 400 | 21,000 | $0.50 | $0.30 | $0.20 |
| Codex | 24,400 | 3,000 | 400 | 21,000 | $0.50 | $0.00 | $0.00 |
| **Total** | **48,800** | **6,000** | **800** | **42,000** | **$1.00** | **$0.30** | **$0.20** |

